../Core/Src/my_lib.c:16:6:SystemClock_Config	160	static
../Core/Src/my_lib.c:46:6:MX_GPIO_Init	96	static
../Core/Src/my_lib.c:95:6:MX_I2C1_Init	8	static
../Core/Src/my_lib.c:111:6:HAL_I2C_MspInit	48	static
../Core/Src/my_lib.c:139:6:MX_TIM2_Init	40	static
../Core/Src/my_lib.c:167:6:HAL_TIM_PeriodElapsedCallback	16	static
../Core/Src/my_lib.c:176:6:TIM2_IRQHandler	16	static
../Core/Src/my_lib.c:209:6:Error_Handler	4	static
../Core/Src/my_lib.c:213:6:MX_USART1_UART_Init	8	static
../Core/Src/my_lib.c:231:6:HAL_UART_MspInit	48	static
../Core/Src/my_lib.c:252:6:HAL_UART_RxCpltCallback	16	static
../Core/Src/my_lib.c:258:6:USART1_IRQHandler	8	static
