../Core/Src/my_lib.c:16:6:SystemClock_Config	160	static
../Core/Src/my_lib.c:46:6:MX_GPIO_Init	96	static
../Core/Src/my_lib.c:96:6:MX_I2C1_Init	8	static
../Core/Src/my_lib.c:112:6:HAL_I2C_MspInit	48	static
../Core/Src/my_lib.c:140:6:MX_TIM2_Init	40	static
../Core/Src/my_lib.c:168:6:HAL_TIM_PeriodElapsedCallback	16	static
../Core/Src/my_lib.c:177:6:TIM2_IRQHandler	16	static
../Core/Src/my_lib.c:210:6:Error_Handler	4	static
../Core/Src/my_lib.c:214:6:MX_USART1_UART_Init	8	static
../Core/Src/my_lib.c:232:6:HAL_UART_MspInit	48	static
../Core/Src/my_lib.c:253:6:HAL_UART_RxCpltCallback	16	static
../Core/Src/my_lib.c:259:6:USART1_IRQHandler	8	static
