../Core/Src/my_lib.c:16:6:SystemClock_Config	160	static
../Core/Src/my_lib.c:46:6:MX_GPIO_Init	40	static
../Core/Src/my_lib.c:65:6:MX_TIM2_Init	40	static
../Core/Src/my_lib.c:93:6:HAL_TIM_PeriodElapsedCallback	16	static
../Core/Src/my_lib.c:102:6:TIM2_IRQHandler	16	static
../Core/Src/my_lib.c:135:6:Error_Handler	4	static
../Core/Src/my_lib.c:140:6:MX_USART1_UART_Init	8	static
../Core/Src/my_lib.c:158:6:HAL_UART_MspInit	48	static
../Core/Src/my_lib.c:181:6:HAL_UART_RxCpltCallback	16	static
../Core/Src/my_lib.c:186:6:USART1_IRQHandler	8	static
