../Core/Src/my_lib.c:18:9:Hw_Init	8	static
../Core/Src/my_lib.c:27:6:Hw_Start	8	static
../Core/Src/my_lib.c:32:6:SystemClock_Config	88	static
../Core/Src/my_lib.c:70:6:MX_ADC1_Init	24	static
../Core/Src/my_lib.c:101:6:MX_TIM2_Init	32	static
../Core/Src/my_lib.c:129:6:MX_GPIO_Init	128	static
../Core/Src/my_lib.c:181:6:setTimerCallback	16	static
../Core/Src/my_lib.c:185:6:TIM2_IRQHandler	8	static
../Core/Src/my_lib.c:207:6:Error_Handler	4	static,ignoring_inline_asm
../Core/Src/my_lib.c:218:7:calcTemp	32	static
