Archive member included to satisfy reference by file (symbol)

C:/ST/STM32CubeIDE_1.18.1/STM32CubeIDE/plugins/com.st.stm32cube.ide.mcu.externaltools.gnu-tools-for-stm32.13.3.rel1.win32_1.0.0.202411081344/tools/bin/../lib/gcc/arm-none-eabi/13.3.1/../../../../arm-none-eabi/lib/thumb/v7e-m+fp/hard\libc_nano.a(libc_a-exit.o)
                              C:/ST/STM32CubeIDE_1.18.1/STM32CubeIDE/plugins/com.st.stm32cube.ide.mcu.externaltools.gnu-tools-for-stm32.13.3.rel1.win32_1.0.0.202411081344/tools/bin/../lib/gcc/arm-none-eabi/13.3.1/../../../../arm-none-eabi/lib/thumb/v7e-m+fp/hard/crt0.o (exit)
C:/ST/STM32CubeIDE_1.18.1/STM32CubeIDE/plugins/com.st.stm32cube.ide.mcu.externaltools.gnu-tools-for-stm32.13.3.rel1.win32_1.0.0.202411081344/tools/bin/../lib/gcc/arm-none-eabi/13.3.1/../../../../arm-none-eabi/lib/thumb/v7e-m+fp/hard\libc_nano.a(libc_a-findfp.o)
                              C:/ST/STM32CubeIDE_1.18.1/STM32CubeIDE/plugins/com.st.stm32cube.ide.mcu.externaltools.gnu-tools-for-stm32.13.3.rel1.win32_1.0.0.202411081344/tools/bin/../lib/gcc/arm-none-eabi/13.3.1/../../../../arm-none-eabi/lib/thumb/v7e-m+fp/hard\libc_nano.a(libc_a-exit.o) (__stdio_exit_handler)
C:/ST/STM32CubeIDE_1.18.1/STM32CubeIDE/plugins/com.st.stm32cube.ide.mcu.externaltools.gnu-tools-for-stm32.13.3.rel1.win32_1.0.0.202411081344/tools/bin/../lib/gcc/arm-none-eabi/13.3.1/../../../../arm-none-eabi/lib/thumb/v7e-m+fp/hard\libc_nano.a(libc_a-fwalk.o)
                              C:/ST/STM32CubeIDE_1.18.1/STM32CubeIDE/plugins/com.st.stm32cube.ide.mcu.externaltools.gnu-tools-for-stm32.13.3.rel1.win32_1.0.0.202411081344/tools/bin/../lib/gcc/arm-none-eabi/13.3.1/../../../../arm-none-eabi/lib/thumb/v7e-m+fp/hard\libc_nano.a(libc_a-findfp.o) (_fwalk_sglue)
C:/ST/STM32CubeIDE_1.18.1/STM32CubeIDE/plugins/com.st.stm32cube.ide.mcu.externaltools.gnu-tools-for-stm32.13.3.rel1.win32_1.0.0.202411081344/tools/bin/../lib/gcc/arm-none-eabi/13.3.1/../../../../arm-none-eabi/lib/thumb/v7e-m+fp/hard\libc_nano.a(libc_a-stdio.o)
                              C:/ST/STM32CubeIDE_1.18.1/STM32CubeIDE/plugins/com.st.stm32cube.ide.mcu.externaltools.gnu-tools-for-stm32.13.3.rel1.win32_1.0.0.202411081344/tools/bin/../lib/gcc/arm-none-eabi/13.3.1/../../../../arm-none-eabi/lib/thumb/v7e-m+fp/hard\libc_nano.a(libc_a-findfp.o) (__sread)
C:/ST/STM32CubeIDE_1.18.1/STM32CubeIDE/plugins/com.st.stm32cube.ide.mcu.externaltools.gnu-tools-for-stm32.13.3.rel1.win32_1.0.0.202411081344/tools/bin/../lib/gcc/arm-none-eabi/13.3.1/../../../../arm-none-eabi/lib/thumb/v7e-m+fp/hard\libc_nano.a(libc_a-memset.o)
                              C:/ST/STM32CubeIDE_1.18.1/STM32CubeIDE/plugins/com.st.stm32cube.ide.mcu.externaltools.gnu-tools-for-stm32.13.3.rel1.win32_1.0.0.202411081344/tools/bin/../lib/gcc/arm-none-eabi/13.3.1/../../../../arm-none-eabi/lib/thumb/v7e-m+fp/hard/crt0.o (memset)
C:/ST/STM32CubeIDE_1.18.1/STM32CubeIDE/plugins/com.st.stm32cube.ide.mcu.externaltools.gnu-tools-for-stm32.13.3.rel1.win32_1.0.0.202411081344/tools/bin/../lib/gcc/arm-none-eabi/13.3.1/../../../../arm-none-eabi/lib/thumb/v7e-m+fp/hard\libc_nano.a(libc_a-closer.o)
                              C:/ST/STM32CubeIDE_1.18.1/STM32CubeIDE/plugins/com.st.stm32cube.ide.mcu.externaltools.gnu-tools-for-stm32.13.3.rel1.win32_1.0.0.202411081344/tools/bin/../lib/gcc/arm-none-eabi/13.3.1/../../../../arm-none-eabi/lib/thumb/v7e-m+fp/hard\libc_nano.a(libc_a-stdio.o) (_close_r)
C:/ST/STM32CubeIDE_1.18.1/STM32CubeIDE/plugins/com.st.stm32cube.ide.mcu.externaltools.gnu-tools-for-stm32.13.3.rel1.win32_1.0.0.202411081344/tools/bin/../lib/gcc/arm-none-eabi/13.3.1/../../../../arm-none-eabi/lib/thumb/v7e-m+fp/hard\libc_nano.a(libc_a-reent.o)
                              C:/ST/STM32CubeIDE_1.18.1/STM32CubeIDE/plugins/com.st.stm32cube.ide.mcu.externaltools.gnu-tools-for-stm32.13.3.rel1.win32_1.0.0.202411081344/tools/bin/../lib/gcc/arm-none-eabi/13.3.1/../../../../arm-none-eabi/lib/thumb/v7e-m+fp/hard\libc_nano.a(libc_a-closer.o) (errno)
C:/ST/STM32CubeIDE_1.18.1/STM32CubeIDE/plugins/com.st.stm32cube.ide.mcu.externaltools.gnu-tools-for-stm32.13.3.rel1.win32_1.0.0.202411081344/tools/bin/../lib/gcc/arm-none-eabi/13.3.1/../../../../arm-none-eabi/lib/thumb/v7e-m+fp/hard\libc_nano.a(libc_a-impure.o)
                              C:/ST/STM32CubeIDE_1.18.1/STM32CubeIDE/plugins/com.st.stm32cube.ide.mcu.externaltools.gnu-tools-for-stm32.13.3.rel1.win32_1.0.0.202411081344/tools/bin/../lib/gcc/arm-none-eabi/13.3.1/../../../../arm-none-eabi/lib/thumb/v7e-m+fp/hard\libc_nano.a(libc_a-reent.o) (_impure_ptr)
C:/ST/STM32CubeIDE_1.18.1/STM32CubeIDE/plugins/com.st.stm32cube.ide.mcu.externaltools.gnu-tools-for-stm32.13.3.rel1.win32_1.0.0.202411081344/tools/bin/../lib/gcc/arm-none-eabi/13.3.1/../../../../arm-none-eabi/lib/thumb/v7e-m+fp/hard\libc_nano.a(libc_a-lseekr.o)
[...]
Memory Configuration

Name             Origin             Length             Attributes
CCMRAM           0x10000000         0x00004000         xrw
RAM              0x20000000         0x00010000         xrw
FLASH            0x08000000         0x00080000         xr
*default*        0x00000000         0xffffffff

Linker script and memory map

LOAD C:/ST/STM32CubeIDE_1.18.1/STM32CubeIDE/plugins/com.st.stm32cube.ide.mcu.externaltools.gnu-tools-for-stm32.13.3.rel1.win32_1.0.0.202411081344/tools/bin/../lib/gcc/arm-none-eabi/13.3.1/thumb/v7e-m+fp/hard/crti.o
LOAD C:/ST/STM32CubeIDE_1.18.1/STM32CubeIDE/plugins/com.st.stm32cube.ide.mcu.externaltools.gnu-tools-for-stm32.13.3.rel1.win32_1.0.0.202411081344/tools/bin/../lib/gcc/arm-none-eabi/13.3.1/thumb/v7e-m+fp/hard/crtbegin.o
LOAD C:/ST/STM32CubeIDE_1.18.1/STM32CubeIDE/plugins/com.st.stm32cube.ide.mcu.externaltools.gnu-tools-for-stm32.13.3.rel1.win32_1.0.0.202411081344/tools/bin/../lib/gcc/arm-none-eabi/13.3.1/../../../../arm-none-eabi/lib/thumb/v7e-m+fp/hard/crt0.o
LOAD ./Core/Src/FinalCarrera.o
LOAD ./Core/Src/LCD.o
LOAD ./Core/Src/main.o
LOAD ./Core/Src/my_lib.o
LOAD ./Core/Src/stm32f3xx_hal_msp.o
LOAD ./Core/Src/stm32f3xx_it.o
LOAD ./Core/Src/syscalls.o
LOAD ./Core/Src/sysmem.o
LOAD ./Core/Src/system_stm32f3xx.o
LOAD ./Core/Src/teclado.o
LOAD ./Core/Startup/startup_stm32f303retx.o
LOAD ./Drivers/STM32F3xx_HAL_Driver/Src/stm32f3xx_hal.o
LOAD ./Drivers/STM32F3xx_HAL_Driver/Src/stm32f3xx_hal_cortex.o
LOAD ./Drivers/STM32F3xx_HAL_Driver/Src/stm32f3xx_hal_dma.o
LOAD ./Drivers/STM32F3xx_HAL_Driver/Src/stm32f3xx_hal_exti.o
LOAD ./Drivers/STM32F3xx_HAL_Driver/Src/stm32f3xx_hal_flash.o
LOAD ./Drivers/STM32F3xx_HAL_Driver/Src/stm32f3xx_hal_flash_ex.o
LOAD ./Drivers/STM32F3xx_HAL_Driver/Src/stm32f3xx_hal_gpio.o
LOAD ./Drivers/STM32F3xx_HAL_Driver/Src/stm32f3xx_hal_i2c.o
LOAD ./Drivers/STM32F3xx_HAL_Driver/Src/stm32f3xx_hal_i2c_ex.o
LOAD ./Drivers/STM32F3xx_HAL_Driver/Src/stm32f3xx_hal_pwr.o
LOAD ./Drivers/STM32F3xx_HAL_Driver/Src/stm32f3xx_hal_pwr_ex.o
LOAD ./Drivers/STM32F3xx_HAL_Driver/Src/stm32f3xx_hal_rcc.o
LOAD ./Drivers/STM32F3xx_HAL_Driver/Src/stm32f3xx_hal_rcc_ex.o
LOAD ./Drivers/STM32F3xx_HAL_Driver/Src/stm32f3xx_hal_tim.o
LOAD ./Drivers/STM32F3xx_HAL_Driver/Src/stm32f3xx_hal_tim_ex.o
START GROUP
LOAD C:/ST/STM32CubeIDE_1.18.1/STM32CubeIDE/plugins/com.st.stm32cube.ide.mcu.externaltools.gnu-tools-for-stm32.13.3.rel1.win32_1.0.0.202411081344/tools/bin/../lib/gcc/arm-none-eabi/13.3.1/../../../../arm-none-eabi/lib/thumb/v7e-m+fp/hard\libc_nano.a
LOAD C:/ST/STM32CubeIDE_1.18.1/STM32CubeIDE/plugins/com.st.stm32cube.ide.mcu.externaltools.gnu-tools-for-stm32.13.3.rel1.win32_1.0.0.202411081344/tools/bin/../lib/gcc/arm-none-eabi/13.3.1/../../../../arm-none-eabi/lib/thumb/v7e-m+fp/hard\libm.a
END GROUP
START GROUP
LOAD C:/ST/STM32CubeIDE_1.18.1/STM32CubeIDE/plugins/com.st.stm32cube.ide.mcu.externaltools.gnu-tools-for-stm32.13.3.rel1.win32_1.0.0.202411081344/tools/bin/../lib/gcc/arm-none-eabi/13.3.1/thumb/v7e-m+fp/hard\libgcc.a
LOAD C:/ST/STM32CubeIDE_1.18.1/STM32CubeIDE/plugins/com.st.stm32cube.ide.mcu.externaltools.gnu-tools-for-stm32.13.3.rel1.win32_1.0.0.202411081344/tools/bin/../lib/gcc/arm-none-eabi/13.3.1/../../../../arm-none-eabi/lib/thumb/v7e-m+fp/hard\libc_nano.a
END GROUP
START GROUP
LOAD C:/ST/STM32CubeIDE_1.18.1/STM32CubeIDE/plugins/com.st.stm32cube.ide.mcu.externaltools.gnu-tools-for-stm32.13.3.rel1.win32_1.0.0.202411081344/tools/bin/../lib/gcc/arm-none-eabi/13.3.1/thumb/v7e-m+fp/hard\libgcc.a
LOAD C:/ST/STM32CubeIDE_1.18.1/STM32CubeIDE/plugins/com.st.stm32cube.ide.mcu.externaltools.gnu-tools-for-stm32.13.3.rel1.win32_1.0.0.202411081344/tools/bin/../lib/gcc/arm-none-eabi/13.3.1/../../../../arm-none-eabi/lib/thumb/v7e-m+fp/hard\libc_nano.a
LOAD C:/ST/STM32CubeIDE_1.18.1/STM32CubeIDE/plugins/com.st.stm32cube.ide.mcu.externaltools.gnu-tools-for-stm32.13.3.rel1.win32_1.0.0.202411081344/tools/bin/../lib/gcc/arm-none-eabi/13.3.1/../../../../arm-none-eabi/lib/thumb/v7e-m+fp/hard\libnosys.a
END GROUP
START GROUP
LOAD C:/ST/STM32CubeIDE_1.18.1/STM32CubeIDE/plugins/com.st.stm32cube.ide.mcu.externaltools.gnu-tools-for-stm32.13.3.rel1.win32_1.0.0.202411081344/tools/bin/../lib/gcc/arm-none-eabi/13.3.1/thumb/v7e-m+fp/hard\libgcc.a
LOAD C:/ST/STM32CubeIDE_1.18.1/STM32CubeIDE/plugins/com.st.stm32cube.ide.mcu.externaltools.gnu-tools-for-stm32.13.3.rel1.win32_1.0.0.202411081344/tools/bin/../lib/gcc/arm-none-eabi/13.3.1/../../../../arm-none-eabi/lib/thumb/v7e-m+fp/hard\libc_nano.a
LOAD C:/ST/STM32CubeIDE_1.18.1/STM32CubeIDE/plugins/com.st.stm32cube.ide.mcu.externaltools.gnu-tools-for-stm32.13.3.rel1.win32_1.0.0.202411081344/tools/bin/../lib/gcc/arm-none-eabi/13.3.1/../../../../arm-none-eabi/lib/thumb/v7e-m+fp/hard\libnosys.a
END GROUP
LOAD C:/ST/STM32CubeIDE_1.18.1/STM32CubeIDE/plugins/com.st.stm32cube.ide.mcu.externaltools.gnu-tools-for-stm32.13.3.rel1.win32_1.0.0.202411081344/tools/bin/../lib/gcc/arm-none-eabi/13.3.1/thumb/v7e-m+fp/hard/crtend.o
LOAD C:/ST/STM32CubeIDE_1.18.1/STM32CubeIDE/plugins/com.st.stm32cube.ide.mcu.externaltools.gnu-tools-for-stm32.13.3.rel1.win32_1.0.0.202411081344/tools/bin/../lib/gcc/arm-none-eabi/13.3.1/thumb/v7e-m+fp/hard/crtn.o
                0x20010000                        _estack = (ORIGIN (RAM) + LENGTH (RAM))
                0x00000200                        _Min_Heap_Size = 0x200
                0x00000400                        _Min_Stack_Size = 0x400

.isr_vector     0x08000000      0x194
                0x08000000                        . = ALIGN (0x4)
 *(.isr_vector)
 .isr_vector    0x08000000      0x194 ./Core/Startup/startup_stm32f303retx.o
                0x08000000                g_pfnVectors
                0x08000194                        . = ALIGN (0x4)

.text           0x08000194     0x3cac
                0x08000194                        . = ALIGN (0x4)
 *(.text)
 .text          0x08000194       0x40 C:/ST/STM32CubeIDE_1.18.1/STM32CubeIDE/plugins/com.st.stm32cube.ide.mcu.externaltools.gnu-tools-for-stm32.13.3.rel1.win32_1.0.0.202411081344/tools/bin/../lib/gcc/arm-none-eabi/13.3.1/thumb/v7e-m+fp/hard/crtbegin.o
 *(.text*)
 .text.detectar_embolo
                0x080001d4       0x4c ./Core/Src/FinalCarrera.o
                0x080001d4                detectar_embolo
 .text.lcd_send_cmd
                0x08000220       0x60 ./Core/Src/LCD.o
                0x08000220                lcd_send_cmd
 .text.lcd_send_data
                0x08000280       0x60 ./Core/Src/LCD.o
                0x08000280                lcd_send_data
 .text.lcd_init
                0x080002e0       0x6e ./Core/Src/LCD.o
                0x080002e0                lcd_init
 .text.lcd_send_string
                0x0800034e       0x30 ./Core/Src/LCD.o
                0x0800034e                lcd_send_string
 .text.lcd_put_cur
                0x0800037e       0x3c ./Core/Src/LCD.o
                0x0800037e                lcd_put_cur
 *fill*         0x080003ba        0x2 
 .text.main     0x080003bc      0x230 ./Core/Src/main.o
                0x080003bc                main
 .text.MX_I2C1_Init
                0x080005ec       0x54 ./Core/Src/my_lib.o
                0x080005ec                MX_I2C1_Init
 .text.SystemClock_Config
                0x08000640       0xa0 ./Core/Src/my_lib.o
                0x08000640                SystemClock_Config
 .text.MX_GPIO_Init
                0x080006e0      0x134 ./Core/Src/my_lib.o
                0x080006e0                MX_GPIO_Init
 .text.HAL_I2C_MspInit
                0x08000814       0x88 ./Core/Src/my_lib.o
                0x08000814                HAL_I2C_MspInit
 .text.MX_TIM2_Init
                0x0800089c       0xa8 ./Core/Src/my_lib.o
                0x0800089c                MX_TIM2_Init
 .text.HAL_TIM_PeriodElapsedCallback
                0x08000944       0x26 ./Core/Src/my_lib.o
                0x08000944                HAL_TIM_PeriodElapsedCallback
 *fill*         0x0800096a        0x2 
 .text.TIM2_IRQHandler
                0x0800096c      0x128 ./Core/Src/my_lib.o
                0x0800096c                TIM2_IRQHandler
 .text.Error_Handler
                0x08000a94        0x8 ./Core/Src/my_lib.o
                0x08000a94                Error_Handler
 .text.HAL_MspInit
                0x08000a9c       0x48 ./Core/Src/stm32f3xx_hal_msp.o
                0x08000a9c                HAL_MspInit
 .text.HAL_TIM_Base_MspInit
                0x08000ae4       0x48 ./Core/Src/stm32f3xx_hal_msp.o
                0x08000ae4                HAL_TIM_Base_MspInit
 .text.NMI_Handler
                0x08000b2c        0x8 ./Core/Src/stm32f3xx_it.o
                0x08000b2c                NMI_Handler
 .text.HardFault_Handler
                0x08000b34        0x8 ./Core/Src/stm32f3xx_it.o
                0x08000b34                HardFault_Handler
 .text.MemManage_Handler
                0x08000b3c        0x8 ./Core/Src/stm32f3xx_it.o
                0x08000b3c                MemManage_Handler
 .text.BusFault_Handler
                0x08000b44        0x8 ./Core/Src/stm32f3xx_it.o
                0x08000b44                BusFault_Handler
 .text.UsageFault_Handler
                0x08000b4c        0x8 ./Core/Src/stm32f3xx_it.o
                0x08000b4c                UsageFault_Handler
 .text.SVC_Handler
                0x08000b54        0xe ./Core/Src/stm32f3xx_it.o
                0x08000b54                SVC_Handler
 .text.DebugMon_Handler
                0x08000b62        0xe ./Core/Src/stm32f3xx_it.o
                0x08000b62                DebugMon_Handler
 .text.PendSV_Handler
                0x08000b70        0xe ./Core/Src/stm32f3xx_it.o
                0x08000b70                PendSV_Handler
 .text.SysTick_Handler
                0x08000b7e        0xc ./Core/Src/stm32f3xx_it.o
                0x08000b7e                SysTick_Handler
 *fill*         0x08000b8a        0x2 
 .text.SystemInit
                0x08000b8c       0x24 ./Core/Src/system_stm32f3xx.o
                0x08000b8c                SystemInit
 .text.init_matrix
                0x08000bb0       0x4a ./Core/Src/teclado.o
                0x08000bb0                init_matrix
 *fill*         0x08000bfa        0x2 
 .text.SWICTH_Filtered
                0x08000bfc       0xb0 ./Core/Src/teclado.o
                0x08000bfc                SWICTH_Filtered
 .text.leer_matriz
                0x08000cac       0x8c ./Core/Src/teclado.o
                0x08000cac                leer_matriz
 .text.get_key_pressed
                0x08000d38       0x70 ./Core/Src/teclado.o
                0x08000d38                get_key_pressed
 .text.Reset_Handler
                0x08000da8       0x50 ./Core/Startup/startup_stm32f303retx.o
                0x08000da8                Reset_Handler
 .text.Default_Handler
                0x08000df8        0x2 ./Core/Startup/startup_stm32f303retx.o
                0x08000df8                RTC_Alarm_IRQHandler
                0x08000df8                TIM8_TRG_COM_IRQHandler
                0x08000df8                TIM8_CC_IRQHandler
                0x08000df8                SPI4_IRQHandler
                0x08000df8                TIM1_CC_IRQHandler
                0x08000df8                USB_HP_IRQHandler
                0x08000df8                PVD_IRQHandler
                0x08000df8                TAMP_STAMP_IRQHandler
                0x08000df8                EXTI3_IRQHandler
                0x08000df8                I2C3_ER_IRQHandler
                0x08000df8                USB_HP_CAN_TX_IRQHandler
                0x08000df8                EXTI0_IRQHandler
                0x08000df8                I2C2_EV_IRQHandler
                0x08000df8                FPU_IRQHandler
                0x08000df8                TIM1_UP_TIM16_IRQHandler
                0x08000df8                ADC1_2_IRQHandler
                0x08000df8                SPI1_IRQHandler
                0x08000df8                CAN_SCE_IRQHandler
                0x08000df8                TIM6_DAC_IRQHandler
                0x08000df8                TIM8_UP_IRQHandler
                0x08000df8                DMA2_Channel2_IRQHandler
                0x08000df8                DMA1_Channel4_IRQHandler
                0x08000df8                TIM20_TRG_COM_IRQHandler
                0x08000df8                USART3_IRQHandler
                0x08000df8                DMA1_Channel7_IRQHandler
                0x08000df8                UART5_IRQHandler
                0x08000df8                ADC3_IRQHandler
                0x08000df8                TIM4_IRQHandler
                0x08000df8                CAN_RX1_IRQHandler
                0x08000df8                DMA2_Channel1_IRQHandler
                0x08000df8                I2C1_EV_IRQHandler
                0x08000df8                DMA1_Channel6_IRQHandler
                0x08000df8                UART4_IRQHandler
                0x08000df8                DMA2_Channel4_IRQHandler
                0x08000df8                TIM3_IRQHandler
                0x08000df8                RCC_IRQHandler
                0x08000df8                TIM20_UP_IRQHandler
                0x08000df8                DMA1_Channel1_IRQHandler
                0x08000df8                Default_Handler
                0x08000df8                USBWakeUp_RMP_IRQHandler
                0x08000df8                EXTI15_10_IRQHandler
                0x08000df8                TIM7_IRQHandler
                0x08000df8                I2C3_EV_IRQHandler
                0x08000df8                EXTI9_5_IRQHandler
                0x08000df8                RTC_WKUP_IRQHandler
                0x08000df8                SPI2_IRQHandler
                0x08000df8                USB_LP_CAN_RX0_IRQHandler
                0x08000df8                DMA2_Channel5_IRQHandler
                0x08000df8                DMA1_Channel5_IRQHandler
                0x08000df8                USB_LP_IRQHandler
                0x08000df8                EXTI4_IRQHandler
                0x08000df8                TIM1_TRG_COM_TIM17_IRQHandler
                0x08000df8                DMA1_Channel3_IRQHandler
                0x08000df8                ADC4_IRQHandler
                0x08000df8                WWDG_IRQHandler
                0x08000df8                COMP7_IRQHandler
                0x08000df8                COMP1_2_3_IRQHandler
                0x08000df8                EXTI1_IRQHandler
                0x08000df8                USART2_IRQHandler
                0x08000df8                COMP4_5_6_IRQHandler
                0x08000df8                TIM20_BRK_IRQHandler
                0x08000df8                I2C2_ER_IRQHandler
                0x08000df8                DMA1_Channel2_IRQHandler
                0x08000df8                TIM8_BRK_IRQHandler
                0x08000df8                FLASH_IRQHandler
                0x08000df8                TIM20_CC_IRQHandler
                0x08000df8                USART1_IRQHandler
                0x08000df8                SPI3_IRQHandler
                0x08000df8                I2C1_ER_IRQHandler
                0x08000df8                FMC_IRQHandler
                0x08000df8                USBWakeUp_IRQHandler
                0x08000df8                DMA2_Channel3_IRQHandler
                0x08000df8                EXTI2_TSC_IRQHandler
                0x08000df8                TIM1_BRK_TIM15_IRQHandler
 *fill*         0x08000dfa        0x2 
 .text.HAL_Init
                0x08000dfc       0x2c ./Drivers/STM32F3xx_HAL_Driver/Src/stm32f3xx_hal.o
                0x08000dfc                HAL_Init
 .text.HAL_InitTick
                0x08000e28       0x60 ./Drivers/STM32F3xx_HAL_Driver/Src/stm32f3xx_hal.o
                0x08000e28                HAL_InitTick
 .text.HAL_IncTick
                0x08000e88       0x28 ./Drivers/STM32F3xx_HAL_Driver/Src/stm32f3xx_hal.o
                0x08000e88                HAL_IncTick
 .text.HAL_GetTick
                0x08000eb0       0x18 ./Drivers/STM32F3xx_HAL_Driver/Src/stm32f3xx_hal.o
                0x08000eb0                HAL_GetTick
 .text.HAL_Delay
                0x08000ec8       0x48 ./Drivers/STM32F3xx_HAL_Driver/Src/stm32f3xx_hal.o
                0x08000ec8                HAL_Delay
 .text.__NVIC_SetPriorityGrouping
                0x08000f10       0x48 ./Drivers/STM32F3xx_HAL_Driver/Src/stm32f3xx_hal_cortex.o
 .text.__NVIC_GetPriorityGrouping
                0x08000f58       0x1c ./Drivers/STM32F3xx_HAL_Driver/Src/stm32f3xx_hal_cortex.o
 .text.__NVIC_EnableIRQ
                0x08000f74       0x3c ./Drivers/STM32F3xx_HAL_Driver/Src/stm32f3xx_hal_cortex.o
 .text.__NVIC_SetPriority
                0x08000fb0       0x54 ./Drivers/STM32F3xx_HAL_Driver/Src/stm32f3xx_hal_cortex.o
 .text.NVIC_EncodePriority
                0x08001004       0x66 ./Drivers/STM32F3xx_HAL_Driver/Src/stm32f3xx_hal_cortex.o
 *fill*         0x0800106a        0x2 
 .text.SysTick_Config
                0x0800106c       0x44 ./Drivers/STM32F3xx_HAL_Driver/Src/stm32f3xx_hal_cortex.o
 .text.HAL_NVIC_SetPriorityGrouping
                0x080010b0       0x16 ./Drivers/STM32F3xx_HAL_Driver/Src/stm32f3xx_hal_cortex.o
                0x080010b0                HAL_NVIC_SetPriorityGrouping
 .text.HAL_NVIC_SetPriority
                0x080010c6       0x38 ./Drivers/STM32F3xx_HAL_Driver/Src/stm32f3xx_hal_cortex.o
                0x080010c6                HAL_NVIC_SetPriority
 .text.HAL_NVIC_EnableIRQ
                0x080010fe       0x1c ./Drivers/STM32F3xx_HAL_Driver/Src/stm32f3xx_hal_cortex.o
                0x080010fe                HAL_NVIC_EnableIRQ
 .text.HAL_SYSTICK_Config
                0x0800111a       0x18 ./Drivers/STM32F3xx_HAL_Driver/Src/stm32f3xx_hal_cortex.o
                0x0800111a                HAL_SYSTICK_Config
 *fill*         0x08001132        0x2 
 .text.HAL_GPIO_Init
                0x08001134      0x314 ./Drivers/STM32F3xx_HAL_Driver/Src/stm32f3xx_hal_gpio.o
                0x08001134                HAL_GPIO_Init
 .text.HAL_GPIO_ReadPin
                0x08001448       0x30 ./Drivers/STM32F3xx_HAL_Driver/Src/stm32f3xx_hal_gpio.o
                0x08001448                HAL_GPIO_ReadPin
 .text.HAL_GPIO_WritePin
                0x08001478       0x30 ./Drivers/STM32F3xx_HAL_Driver/Src/stm32f3xx_hal_gpio.o
                0x08001478                HAL_GPIO_WritePin
 .text.HAL_GPIO_TogglePin
                0x080014a8       0x34 ./Drivers/STM32F3xx_HAL_Driver/Src/stm32f3xx_hal_gpio.o
                0x080014a8                HAL_GPIO_TogglePin
 .text.HAL_I2C_Init
                0x080014dc      0x136 ./Drivers/STM32F3xx_HAL_Driver/Src/stm32f3xx_hal_i2c.o
                0x080014dc                HAL_I2C_Init
 *fill*         0x08001612        0x2 
 .text.HAL_I2C_Master_Transmit
                0x08001614      0x230 ./Drivers/STM32F3xx_HAL_Driver/Src/stm32f3xx_hal_i2c.o
                0x08001614                HAL_I2C_Master_Transmit
 .text.I2C_Flush_TXDR
                0x08001844       0x48 ./Drivers/STM32F3xx_HAL_Driver/Src/stm32f3xx_hal_i2c.o
 .text.I2C_WaitOnFlagUntilTimeout
                0x0800188c       0xb2 ./Drivers/STM32F3xx_HAL_Driver/Src/stm32f3xx_hal_i2c.o
 .text.I2C_WaitOnTXISFlagUntilTimeout
                0x0800193e       0x8e ./Drivers/STM32F3xx_HAL_Driver/Src/stm32f3xx_hal_i2c.o
 .text.I2C_WaitOnSTOPFlagUntilTimeout
                0x080019cc       0x86 ./Drivers/STM32F3xx_HAL_Driver/Src/stm32f3xx_hal_i2c.o
 *fill*         0x08001a52        0x2 
 .text.I2C_IsErrorOccurred
                0x08001a54      0x1c0 ./Drivers/STM32F3xx_HAL_Driver/Src/stm32f3xx_hal_i2c.o
 .text.I2C_TransferConfig
                0x08001c14       0x64 ./Drivers/STM32F3xx_HAL_Driver/Src/stm32f3xx_hal_i2c.o
 .text.HAL_RCC_OscConfig
                0x08001c78     0x1048 ./Drivers/STM32F3xx_HAL_Driver/Src/stm32f3xx_hal_rcc.o
                0x08001c78                HAL_RCC_OscConfig
 .text.HAL_RCC_ClockConfig
                0x08002cc0      0x2dc ./Drivers/STM32F3xx_HAL_Driver/Src/stm32f3xx_hal_rcc.o
                0x08002cc0                HAL_RCC_ClockConfig
 .text.HAL_RCC_GetSysClockFreq
                0x08002f9c       0xa8 ./Drivers/STM32F3xx_HAL_Driver/Src/stm32f3xx_hal_rcc.o
                0x08002f9c                HAL_RCC_GetSysClockFreq
 .text.HAL_RCCEx_PeriphCLKConfig
                0x08003044      0x438 ./Drivers/STM32F3xx_HAL_Driver/Src/stm32f3xx_hal_rcc_ex.o
                0x08003044                HAL_RCCEx_PeriphCLKConfig
 .text.HAL_TIM_Base_Init
                0x0800347c       0xae ./Drivers/STM32F3xx_HAL_Driver/Src/stm32f3xx_hal_tim.o
                0x0800347c                HAL_TIM_Base_Init
 *fill*         0x0800352a        0x2 
 .text.HAL_TIM_Base_Start_IT
                0x0800352c       0xe0 ./Drivers/STM32F3xx_HAL_Driver/Src/stm32f3xx_hal_tim.o
                0x0800352c                HAL_TIM_Base_Start_IT
 .text.HAL_TIM_IRQHandler
                0x0800360c      0x204 ./Drivers/STM32F3xx_HAL_Driver/Src/stm32f3xx_hal_tim.o
                0x0800360c                HAL_TIM_IRQHandler
 .text.HAL_TIM_ConfigClockSource
                0x08003810      0x192 ./Drivers/STM32F3xx_HAL_Driver/Src/stm32f3xx_hal_tim.o
                0x08003810                HAL_TIM_ConfigClockSource
 .text.HAL_TIM_OC_DelayElapsedCallback
                0x080039a2       0x14 ./Drivers/STM32F3xx_HAL_Driver/Src/stm32f3xx_hal_tim.o
                0x080039a2                HAL_TIM_OC_DelayElapsedCallback
 .text.HAL_TIM_IC_CaptureCallback
                0x080039b6       0x14 ./Drivers/STM32F3xx_HAL_Driver/Src/stm32f3xx_hal_tim.o
                0x080039b6                HAL_TIM_IC_CaptureCallback
 .text.HAL_TIM_PWM_PulseFinishedCallback
                0x080039ca       0x14 ./Drivers/STM32F3xx_HAL_Driver/Src/stm32f3xx_hal_tim.o
                0x080039ca                HAL_TIM_PWM_PulseFinishedCallback
 .text.HAL_TIM_TriggerCallback
                0x080039de       0x14 ./Drivers/STM32F3xx_HAL_Driver/Src/stm32f3xx_hal_tim.o
                0x080039de                HAL_TIM_TriggerCallback
 *fill*         0x080039f2        0x2 
 .text.TIM_Base_SetConfig
                0x080039f4      0x154 ./Drivers/STM32F3xx_HAL_Driver/Src/stm32f3xx_hal_tim.o
                0x080039f4                TIM_Base_SetConfig
 .text.TIM_TI1_ConfigInputStage
                0x08003b48       0x5e ./Drivers/STM32F3xx_HAL_Driver/Src/stm32f3xx_hal_tim.o
 .text.TIM_TI2_ConfigInputStage
                0x08003ba6       0x60 ./Drivers/STM32F3xx_HAL_Driver/Src/stm32f3xx_hal_tim.o
 .text.TIM_ITRx_SetConfig
                0x08003c06       0x36 ./Drivers/STM32F3xx_HAL_Driver/Src/stm32f3xx_hal_tim.o
 .text.TIM_ETR_SetConfig
                0x08003c3c       0x40 ./Drivers/STM32F3xx_HAL_Driver/Src/stm32f3xx_hal_tim.o
                0x08003c3c                TIM_ETR_SetConfig
 .text.HAL_TIMEx_MasterConfigSynchronization
                0x08003c7c      0x118 ./Drivers/STM32F3xx_HAL_Driver/Src/stm32f3xx_hal_tim_ex.o
                0x08003c7c                HAL_TIMEx_MasterConfigSynchronization
 .text.HAL_TIMEx_CommutCallback
                0x08003d94       0x14 ./Drivers/STM32F3xx_HAL_Driver/Src/stm32f3xx_hal_tim_ex.o
                0x08003d94                HAL_TIMEx_CommutCallback
 .text.HAL_TIMEx_BreakCallback
                0x08003da8       0x14 ./Drivers/STM32F3xx_HAL_Driver/Src/stm32f3xx_hal_tim_ex.o
                0x08003da8                HAL_TIMEx_BreakCallback
 .text.HAL_TIMEx_Break2Callback
                0x08003dbc       0x14 ./Drivers/STM32F3xx_HAL_Driver/Src/stm32f3xx_hal_tim_ex.o
                0x08003dbc                HAL_TIMEx_Break2Callback
 .text.memset   0x08003dd0       0x10 C:/ST/STM32CubeIDE_1.18.1/STM32CubeIDE/plugins/com.st.stm32cube.ide.mcu.externaltools.gnu-tools-for-stm32.13.3.rel1.win32_1.0.0.202411081344/tools/bin/../lib/gcc/arm-none-eabi/13.3.1/../../../../arm-none-eabi/lib/thumb/v7e-m+fp/hard\libc_nano.a(libc_a-memset.o)
                0x08003dd0                memset
 .text.__libc_init_array
                0x08003de0       0x48 C:/ST/STM32CubeIDE_1.18.1/STM32CubeIDE/plugins/com.st.stm32cube.ide.mcu.externaltools.gnu-tools-for-stm32.13.3.rel1.win32_1.0.0.202411081344/tools/bin/../lib/gcc/arm-none-eabi/13.3.1/../../../../arm-none-eabi/lib/thumb/v7e-m+fp/hard\libc_nano.a(libc_a-init.o)
                0x08003de0                __libc_init_array
 *(.glue_7)
 .glue_7        0x08003e28        0x0 linker stubs
 *(.glue_7t)
 .glue_7t       0x08003e28        0x0 linker stubs
 *(.eh_frame)
 .eh_frame      0x08003e28        0x0 C:/ST/STM32CubeIDE_1.18.1/STM32CubeIDE/plugins/com.st.stm32cube.ide.mcu.externaltools.gnu-tools-for-stm32.13.3.rel1.win32_1.0.0.202411081344/tools/bin/../lib/gcc/arm-none-eabi/13.3.1/thumb/v7e-m+fp/hard/crtbegin.o
 *(.init)
 .init          0x08003e28        0x4 C:/ST/STM32CubeIDE_1.18.1/STM32CubeIDE/plugins/com.st.stm32cube.ide.mcu.externaltools.gnu-tools-for-stm32.13.3.rel1.win32_1.0.0.202411081344/tools/bin/../lib/gcc/arm-none-eabi/13.3.1/thumb/v7e-m+fp/hard/crti.o
                0x08003e28                _init
 .init          0x08003e2c        0x8 C:/ST/STM32CubeIDE_1.18.1/STM32CubeIDE/plugins/com.st.stm32cube.ide.mcu.externaltools.gnu-tools-for-stm32.13.3.rel1.win32_1.0.0.202411081344/tools/bin/../lib/gcc/arm-none-eabi/13.3.1/thumb/v7e-m+fp/hard/crtn.o
 *(.fini)
 .fini          0x08003e34        0x4 C:/ST/STM32CubeIDE_1.18.1/STM32CubeIDE/plugins/com.st.stm32cube.ide.mcu.externaltools.gnu-tools-for-stm32.13.3.rel1.win32_1.0.0.202411081344/tools/bin/../lib/gcc/arm-none-eabi/13.3.1/thumb/v7e-m+fp/hard/crti.o
                0x08003e34                _fini
 .fini          0x08003e38        0x8 C:/ST/STM32CubeIDE_1.18.1/STM32CubeIDE/plugins/com.st.stm32cube.ide.mcu.externaltools.gnu-tools-for-stm32.13.3.rel1.win32_1.0.0.202411081344/tools/bin/../lib/gcc/arm-none-eabi/13.3.1/thumb/v7e-m+fp/hard/crtn.o
                0x08003e40                        . = ALIGN (0x4)
                0x08003e40                        _etext = .

.vfp11_veneer   0x08003e40        0x0
 .vfp11_veneer  0x08003e40        0x0 linker stubs

.v4_bx          0x08003e40        0x0
 .v4_bx         0x08003e40        0x0 linker stubs

.iplt           0x08003e40        0x0
 .iplt          0x08003e40        0x0 C:/ST/STM32CubeIDE_1.18.1/STM32CubeIDE/plugins/com.st.stm32cube.ide.mcu.externaltools.gnu-tools-for-stm32.13.3.rel1.win32_1.0.0.202411081344/tools/bin/../lib/gcc/arm-none-eabi/13.3.1/thumb/v7e-m+fp/hard/crtbegin.o

.rodata         0x08003e40       0x78
                0x08003e40                        . = ALIGN (0x4)
 *(.rodata)
 .rodata        0x08003e40       0x38 ./Core/Src/main.o
 *(.rodata*)
 .rodata.AHBPrescTable
                0x08003e78       0x10 ./Core/Src/system_stm32f3xx.o
                0x08003e78                AHBPrescTable
 .rodata.keymap
                0x08003e88       0x10 ./Core/Src/teclado.o
                0x08003e88                keymap
 .rodata.aPLLMULFactorTable
                0x08003e98       0x10 ./Drivers/STM32F3xx_HAL_Driver/Src/stm32f3xx_hal_rcc.o
 .rodata.aPredivFactorTable
                0x08003ea8       0x10 ./Drivers/STM32F3xx_HAL_Driver/Src/stm32f3xx_hal_rcc.o
                0x08003eb8                        . = ALIGN (0x4)

.ARM.extab      0x08003eb8        0x0
                0x08003eb8                        . = ALIGN (0x4)
 *(.ARM.extab* .gnu.linkonce.armextab.*)
                0x08003eb8                        . = ALIGN (0x4)

.ARM            0x08003eb8        0x0
                0x08003eb8                        . = ALIGN (0x4)
                0x08003eb8                        __exidx_start = .
 *(.ARM.exidx*)
                0x08003eb8                        __exidx_end = .
                0x08003eb8                        . = ALIGN (0x4)

.preinit_array  0x08003eb8        0x0
                0x08003eb8                        . = ALIGN (0x4)
                0x08003eb8                        PROVIDE (__preinit_array_start = .)
 *(.preinit_array*)
                0x08003eb8                        PROVIDE (__preinit_array_end = .)
                0x08003eb8                        . = ALIGN (0x4)

.init_array     0x08003eb8        0x4
                0x08003eb8                        . = ALIGN (0x4)
                0x08003eb8                        PROVIDE (__init_array_start = .)
 *(SORT_BY_NAME(.init_array.*))
 *(.init_array*)
 .init_array    0x08003eb8        0x4 C:/ST/STM32CubeIDE_1.18.1/STM32CubeIDE/plugins/com.st.stm32cube.ide.mcu.externaltools.gnu-tools-for-stm32.13.3.rel1.win32_1.0.0.202411081344/tools/bin/../lib/gcc/arm-none-eabi/13.3.1/thumb/v7e-m+fp/hard/crtbegin.o
                0x08003ebc                        PROVIDE (__init_array_end = .)
                0x08003ebc                        . = ALIGN (0x4)

.fini_array     0x08003ebc        0x4
                0x08003ebc                        . = ALIGN (0x4)
                [!provide]                        PROVIDE (__fini_array_start = .)
 *(SORT_BY_NAME(.fini_array.*))
 *(.fini_array*)
 .fini_array    0x08003ebc        0x4 C:/ST/STM32CubeIDE_1.18.1/STM32CubeIDE/plugins/com.st.stm32cube.ide.mcu.externaltools.gnu-tools-for-stm32.13.3.rel1.win32_1.0.0.202411081344/tools/bin/../lib/gcc/arm-none-eabi/13.3.1/thumb/v7e-m+fp/hard/crtbegin.o
                [!provide]                        PROVIDE (__fini_array_end = .)
                0x08003ec0                        . = ALIGN (0x4)
                0x08003ec0                        _sidata = LOADADDR (.data)

.rel.dyn        0x08003ec0        0x0
 .rel.iplt      0x08003ec0        0x0 C:/ST/STM32CubeIDE_1.18.1/STM32CubeIDE/plugins/com.st.stm32cube.ide.mcu.externaltools.gnu-tools-for-stm32.13.3.rel1.win32_1.0.0.202411081344/tools/bin/../lib/gcc/arm-none-eabi/13.3.1/thumb/v7e-m+fp/hard/crtbegin.o

.data           0x20000000       0x2c load address 0x08003ec0
                0x20000000                        . = ALIGN (0x4)
                0x20000000                        _sdata = .
 *(.data)
 *(.data*)
 .data.SystemCoreClock
                0x20000000        0x4 ./Core/Src/system_stm32f3xx.o
                0x20000000                SystemCoreClock
 .data.filas    0x20000004        0x8 ./Core/Src/teclado.o
                0x20000004                filas
 .data.cols     0x2000000c        0x8 ./Core/Src/teclado.o
                0x2000000c                cols
 .data.last_state.0
                0x20000014       0x10 ./Core/Src/teclado.o
 .data.uwTickPrio
                0x20000024        0x4 ./Drivers/STM32F3xx_HAL_Driver/Src/stm32f3xx_hal.o
                0x20000024                uwTickPrio
 .data.uwTickFreq
                0x20000028        0x1 ./Drivers/STM32F3xx_HAL_Driver/Src/stm32f3xx_hal.o
                0x20000028                uwTickFreq
 *(.RamFunc)
 *(.RamFunc*)
                0x2000002c                        . = ALIGN (0x4)
 *fill*         0x20000029        0x3 
                0x2000002c                        _edata = .
                0x08003eec                        _siccmram = LOADADDR (.ccmram)

.igot.plt       0x2000002c        0x0 load address 0x08003eec
 .igot.plt      0x2000002c        0x0 C:/ST/STM32CubeIDE_1.18.1/STM32CubeIDE/plugins/com.st.stm32cube.ide.mcu.externaltools.gnu-tools-for-stm32.13.3.rel1.win32_1.0.0.202411081344/tools/bin/../lib/gcc/arm-none-eabi/13.3.1/thumb/v7e-m+fp/hard/crtbegin.o

.ccmram         0x10000000        0x0 load address 0x08003eec
                0x10000000                        . = ALIGN (0x4)
                0x10000000                        _sccmram = .
 *(.ccmram)
 *(.ccmram*)
                0x10000000                        . = ALIGN (0x4)
                0x10000000                        _eccmram = .
                0x10000000                        . = ALIGN (0x4)

.bss            0x2000002c       0xdc
                0x2000002c                        _sbss = .
                0x2000002c                        __bss_start__ = _sbss
 *(.bss)
 .bss           0x2000002c       0x1c C:/ST/STM32CubeIDE_1.18.1/STM32CubeIDE/plugins/com.st.stm32cube.ide.mcu.externaltools.gnu-tools-for-stm32.13.3.rel1.win32_1.0.0.202411081344/tools/bin/../lib/gcc/arm-none-eabi/13.3.1/thumb/v7e-m+fp/hard/crtbegin.o
 *(.bss*)
 .bss.htim2     0x20000048       0x4c ./Core/Src/my_lib.o
                0x20000048                htim2
 .bss.hi2c1     0x20000094       0x54 ./Core/Src/my_lib.o
                0x20000094                hi2c1
 .bss.deBounce_count
                0x200000e8       0x10 ./Core/Src/my_lib.o
                0x200000e8                deBounce_count
 .bss.flag_100ms
                0x200000f8        0x1 ./Core/Src/my_lib.o
                0x200000f8                flag_100ms
 .bss.flag_500ms
                0x200000f9        0x1 ./Core/Src/my_lib.o
                0x200000f9                flag_500ms
 .bss.flag_1s   0x200000fa        0x1 ./Core/Src/my_lib.o
                0x200000fa                flag_1s
 *fill*         0x200000fb        0x1 
 .bss.cnt_100ms
                0x200000fc        0x2 ./Core/Src/my_lib.o
                0x200000fc                cnt_100ms
 .bss.cnt_500ms
                0x200000fe        0x2 ./Core/Src/my_lib.o
                0x200000fe                cnt_500ms
 .bss.cnt_1s    0x20000100        0x2 ./Core/Src/my_lib.o
                0x20000100                cnt_1s
 *fill*         0x20000102        0x2 
 .bss.uwTick    0x20000104        0x4 ./Drivers/STM32F3xx_HAL_Driver/Src/stm32f3xx_hal.o
                0x20000104                uwTick
 *(COMMON)
                0x20000108                        . = ALIGN (0x4)
                0x20000108                        _ebss = .
                0x20000108                        __bss_end__ = _ebss

._user_heap_stack
                0x20000108      0x600
                0x20000108                        . = ALIGN (0x8)
                [!provide]                        PROVIDE (end = .)
                0x20000108                        PROVIDE (_end = .)
                0x20000308                        . = (. + _Min_Heap_Size)
 *fill*         0x20000108      0x200 
                0x20000708                        . = (. + _Min_Stack_Size)
 *fill*         0x20000308      0x400 
                0x20000708                        . = ALIGN (0x8)

/DISCARD/
 libc.a(*)
 libm.a(*)
 libgcc.a(*)

.ARM.attributes
                0x00000000       0x30
 *(.ARM.attributes)
 .ARM.attributes
                0x00000000       0x22 C:/ST/STM32CubeIDE_1.18.1/STM32CubeIDE/plugins/com.st.stm32cube.ide.mcu.externaltools.gnu-tools-for-stm32.13.3.rel1.win32_1.0.0.202411081344/tools/bin/../lib/gcc/arm-none-eabi/13.3.1/thumb/v7e-m+fp/hard/crti.o
 .ARM.attributes
                0x00000022       0x34 C:/ST/STM32CubeIDE_1.18.1/STM32CubeIDE/plugins/com.st.stm32cube.ide.mcu.externaltools.gnu-tools-for-stm32.13.3.rel1.win32_1.0.0.202411081344/tools/bin/../lib/gcc/arm-none-eabi/13.3.1/thumb/v7e-m+fp/hard/crtbegin.o
 .ARM.attributes
                0x00000056       0x34 ./Core/Src/FinalCarrera.o
 .ARM.attributes
                0x0000008a       0x34 ./Core/Src/LCD.o
 .ARM.attributes
                0x000000be       0x34 ./Core/Src/main.o
 .ARM.attributes
                0x000000f2       0x34 ./Core/Src/my_lib.o
 .ARM.attributes
                0x00000126       0x34 ./Core/Src/stm32f3xx_hal_msp.o
 .ARM.attributes
                0x0000015a       0x34 ./Core/Src/stm32f3xx_it.o
 .ARM.attributes
                0x0000018e       0x34 ./Core/Src/system_stm32f3xx.o
 .ARM.attributes
                0x000001c2       0x34 ./Core/Src/teclado.o
 .ARM.attributes
                0x000001f6       0x21 ./Core/Startup/startup_stm32f303retx.o
 .ARM.attributes
                0x00000217       0x34 ./Drivers/STM32F3xx_HAL_Driver/Src/stm32f3xx_hal.o
 .ARM.attributes
                0x0000024b       0x34 ./Drivers/STM32F3xx_HAL_Driver/Src/stm32f3xx_hal_cortex.o
 .ARM.attributes
                0x0000027f       0x34 ./Drivers/STM32F3xx_HAL_Driver/Src/stm32f3xx_hal_gpio.o
 .ARM.attributes
                0x000002b3       0x34 ./Drivers/STM32F3xx_HAL_Driver/Src/stm32f3xx_hal_i2c.o
 .ARM.attributes
                0x000002e7       0x34 ./Drivers/STM32F3xx_HAL_Driver/Src/stm32f3xx_hal_rcc.o
 .ARM.attributes
                0x0000031b       0x34 ./Drivers/STM32F3xx_HAL_Driver/Src/stm32f3xx_hal_rcc_ex.o
 .ARM.attributes
                0x0000034f       0x34 ./Drivers/STM32F3xx_HAL_Driver/Src/stm32f3xx_hal_tim.o
 .ARM.attributes
                0x00000383       0x34 ./Drivers/STM32F3xx_HAL_Driver/Src/stm32f3xx_hal_tim_ex.o
 .ARM.attributes
                0x000003b7       0x34 C:/ST/STM32CubeIDE_1.18.1/STM32CubeIDE/plugins/com.st.stm32cube.ide.mcu.externaltools.gnu-tools-for-stm32.13.3.rel1.win32_1.0.0.202411081344/tools/bin/../lib/gcc/arm-none-eabi/13.3.1/../../../../arm-none-eabi/lib/thumb/v7e-m+fp/hard\libc_nano.a(libc_a-memset.o)
 .ARM.attributes
                0x000003eb       0x34 C:/ST/STM32CubeIDE_1.18.1/STM32CubeIDE/plugins/com.st.stm32cube.ide.mcu.externaltools.gnu-tools-for-stm32.13.3.rel1.win32_1.0.0.202411081344/tools/bin/../lib/gcc/arm-none-eabi/13.3.1/../../../../arm-none-eabi/lib/thumb/v7e-m+fp/hard\libc_nano.a(libc_a-init.o)
 .ARM.attributes
                0x0000041f       0x22 C:/ST/STM32CubeIDE_1.18.1/STM32CubeIDE/plugins/com.st.stm32cube.ide.mcu.externaltools.gnu-tools-for-stm32.13.3.rel1.win32_1.0.0.202411081344/tools/bin/../lib/gcc/arm-none-eabi/13.3.1/thumb/v7e-m+fp/hard/crtn.o
OUTPUT(FINAL_Teclado.elf elf32-littlearm)
LOAD linker stubs
LOAD C:/ST/STM32CubeIDE_1.18.1/STM32CubeIDE/plugins/com.st.stm32cube.ide.mcu.externaltools.gnu-tools-for-stm32.13.3.rel1.win32_1.0.0.202411081344/tools/bin/../lib/gcc/arm-none-eabi/13.3.1/../../../../arm-none-eabi/lib/thumb/v7e-m+fp/hard\libc.a
LOAD C:/ST/STM32CubeIDE_1.18.1/STM32CubeIDE/plugins/com.st.stm32cube.ide.mcu.externaltools.gnu-tools-for-stm32.13.3.rel1.win32_1.0.0.202411081344/tools/bin/../lib/gcc/arm-none-eabi/13.3.1/../../../../arm-none-eabi/lib/thumb/v7e-m+fp/hard\libm.a
LOAD C:/ST/STM32CubeIDE_1.18.1/STM32CubeIDE/plugins/com.st.stm32cube.ide.mcu.externaltools.gnu-tools-for-stm32.13.3.rel1.win32_1.0.0.202411081344/tools/bin/../lib/gcc/arm-none-eabi/13.3.1/thumb/v7e-m+fp/hard\libgcc.a

.debug_info     0x00000000     0xd4bb
 .debug_info    0x00000000      0x205 ./Core/Src/FinalCarrera.o
 .debug_info    0x00000205      0x73b ./Core/Src/LCD.o
 .debug_info    0x00000940      0xc5a ./Core/Src/main.o
 .debug_info    0x0000159a     0x14b7 ./Core/Src/my_lib.o
 .debug_info    0x00002a51      0x9dc ./Core/Src/stm32f3xx_hal_msp.o
 .debug_info    0x0000342d      0x113 ./Core/Src/stm32f3xx_it.o
 .debug_info    0x00003540      0x407 ./Core/Src/system_stm32f3xx.o
 .debug_info    0x00003947      0x431 ./Core/Src/teclado.o
 .debug_info    0x00003d78       0x30 ./Core/Startup/startup_stm32f303retx.o
 .debug_info    0x00003da8      0x804 ./Drivers/STM32F3xx_HAL_Driver/Src/stm32f3xx_hal.o
 .debug_info    0x000045ac      0xd14 ./Drivers/STM32F3xx_HAL_Driver/Src/stm32f3xx_hal_cortex.o
 .debug_info    0x000052c0      0x6a6 ./Drivers/STM32F3xx_HAL_Driver/Src/stm32f3xx_hal_gpio.o
 .debug_info    0x00005966     0x20c3 ./Drivers/STM32F3xx_HAL_Driver/Src/stm32f3xx_hal_i2c.o
 .debug_info    0x00007a29     0x149a ./Drivers/STM32F3xx_HAL_Driver/Src/stm32f3xx_hal_rcc.o
 .debug_info    0x00008ec3      0x61b ./Drivers/STM32F3xx_HAL_Driver/Src/stm32f3xx_hal_rcc_ex.o
 .debug_info    0x000094de     0x2a70 ./Drivers/STM32F3xx_HAL_Driver/Src/stm32f3xx_hal_tim.o
 .debug_info    0x0000bf4e     0x156d ./Drivers/STM32F3xx_HAL_Driver/Src/stm32f3xx_hal_tim_ex.o

.debug_abbrev   0x00000000     0x2026
 .debug_abbrev  0x00000000      0x10a ./Core/Src/FinalCarrera.o
 .debug_abbrev  0x0000010a      0x1de ./Core/Src/LCD.o
 .debug_abbrev  0x000002e8      0x261 ./Core/Src/main.o
 .debug_abbrev  0x00000549      0x224 ./Core/Src/my_lib.o
 .debug_abbrev  0x0000076d      0x1ae ./Core/Src/stm32f3xx_hal_msp.o
 .debug_abbrev  0x0000091b       0x73 ./Core/Src/stm32f3xx_it.o
 .debug_abbrev  0x0000098e      0x11a ./Core/Src/system_stm32f3xx.o
 .debug_abbrev  0x00000aa8      0x1e1 ./Core/Src/teclado.o
 .debug_abbrev  0x00000c89       0x24 ./Core/Startup/startup_stm32f303retx.o
 .debug_abbrev  0x00000cad      0x215 ./Drivers/STM32F3xx_HAL_Driver/Src/stm32f3xx_hal.o
 .debug_abbrev  0x00000ec2      0x31e ./Drivers/STM32F3xx_HAL_Driver/Src/stm32f3xx_hal_cortex.o
 .debug_abbrev  0x000011e0      0x1ca ./Drivers/STM32F3xx_HAL_Driver/Src/stm32f3xx_hal_gpio.o
 .debug_abbrev  0x000013aa      0x260 ./Drivers/STM32F3xx_HAL_Driver/Src/stm32f3xx_hal_i2c.o
 .debug_abbrev  0x0000160a      0x300 ./Drivers/STM32F3xx_HAL_Driver/Src/stm32f3xx_hal_rcc.o
 .debug_abbrev  0x0000190a      0x221 ./Drivers/STM32F3xx_HAL_Driver/Src/stm32f3xx_hal_rcc_ex.o
 .debug_abbrev  0x00001b2b      0x278 ./Drivers/STM32F3xx_HAL_Driver/Src/stm32f3xx_hal_tim.o
 .debug_abbrev  0x00001da3      0x283 ./Drivers/STM32F3xx_HAL_Driver/Src/stm32f3xx_hal_tim_ex.o

.debug_aranges  0x00000000      0xd08
 .debug_aranges
                0x00000000       0x20 ./Core/Src/FinalCarrera.o
 .debug_aranges
                0x00000020       0x40 ./Core/Src/LCD.o
 .debug_aranges
                0x00000060       0x20 ./Core/Src/main.o
 .debug_aranges
                0x00000080       0x58 ./Core/Src/my_lib.o
 .debug_aranges
                0x000000d8       0x30 ./Core/Src/stm32f3xx_hal_msp.o
 .debug_aranges
                0x00000108       0x60 ./Core/Src/stm32f3xx_it.o
 .debug_aranges
                0x00000168       0x28 ./Core/Src/system_stm32f3xx.o
 .debug_aranges
                0x00000190       0x38 ./Core/Src/teclado.o
 .debug_aranges
                0x000001c8       0x28 ./Core/Startup/startup_stm32f303retx.o
 .debug_aranges
                0x000001f0       0xe0 ./Drivers/STM32F3xx_HAL_Driver/Src/stm32f3xx_hal.o
 .debug_aranges
                0x000002d0      0x128 ./Drivers/STM32F3xx_HAL_Driver/Src/stm32f3xx_hal_cortex.o
 .debug_aranges
                0x000003f8       0x58 ./Drivers/STM32F3xx_HAL_Driver/Src/stm32f3xx_hal_gpio.o
 .debug_aranges
                0x00000450      0x2a0 ./Drivers/STM32F3xx_HAL_Driver/Src/stm32f3xx_hal_i2c.o
 .debug_aranges
                0x000006f0       0x88 ./Drivers/STM32F3xx_HAL_Driver/Src/stm32f3xx_hal_rcc.o
 .debug_aranges
                0x00000778       0x38 ./Drivers/STM32F3xx_HAL_Driver/Src/stm32f3xx_hal_rcc_ex.o
 .debug_aranges
                0x000007b0      0x3e0 ./Drivers/STM32F3xx_HAL_Driver/Src/stm32f3xx_hal_tim.o
 .debug_aranges
                0x00000b90      0x178 ./Drivers/STM32F3xx_HAL_Driver/Src/stm32f3xx_hal_tim_ex.o

.debug_rnglists
                0x00000000      0xa1c
 .debug_rnglists
                0x00000000       0x13 ./Core/Src/FinalCarrera.o
 .debug_rnglists
                0x00000013       0x2b ./Core/Src/LCD.o
 .debug_rnglists
                0x0000003e       0x14 ./Core/Src/main.o
 .debug_rnglists
                0x00000052       0x42 ./Core/Src/my_lib.o
 .debug_rnglists
                0x00000094       0x1f ./Core/Src/stm32f3xx_hal_msp.o
 .debug_rnglists
                0x000000b3       0x43 ./Core/Src/stm32f3xx_it.o
 .debug_rnglists
                0x000000f6       0x1a ./Core/Src/system_stm32f3xx.o
 .debug_rnglists
                0x00000110       0x27 ./Core/Src/teclado.o
 .debug_rnglists
                0x00000137       0x19 ./Core/Startup/startup_stm32f303retx.o
 .debug_rnglists
                0x00000150       0xa3 ./Drivers/STM32F3xx_HAL_Driver/Src/stm32f3xx_hal.o
 .debug_rnglists
                0x000001f3       0xda ./Drivers/STM32F3xx_HAL_Driver/Src/stm32f3xx_hal_cortex.o
 .debug_rnglists
                0x000002cd       0x3f ./Drivers/STM32F3xx_HAL_Driver/Src/stm32f3xx_hal_gpio.o
 .debug_rnglists
                0x0000030c      0x228 ./Drivers/STM32F3xx_HAL_Driver/Src/stm32f3xx_hal_i2c.o
 .debug_rnglists
                0x00000534       0x66 ./Drivers/STM32F3xx_HAL_Driver/Src/stm32f3xx_hal_rcc.o
 .debug_rnglists
                0x0000059a       0x29 ./Drivers/STM32F3xx_HAL_Driver/Src/stm32f3xx_hal_rcc_ex.o
 .debug_rnglists
                0x000005c3      0x328 ./Drivers/STM32F3xx_HAL_Driver/Src/stm32f3xx_hal_tim.o
 .debug_rnglists
                0x000008eb      0x131 ./Drivers/STM32F3xx_HAL_Driver/Src/stm32f3xx_hal_tim_ex.o

.debug_macro    0x00000000    0x20014
 .debug_macro   0x00000000      0x1e0 ./Core/Src/FinalCarrera.o
 .debug_macro   0x000001e0      0xad8 ./Core/Src/FinalCarrera.o
 .debug_macro   0x00000cb8      0x158 ./Core/Src/FinalCarrera.o
 .debug_macro   0x00000e10       0x2e ./Core/Src/FinalCarrera.o
 .debug_macro   0x00000e3e       0x28 ./Core/Src/FinalCarrera.o
 .debug_macro   0x00000e66       0x22 ./Core/Src/FinalCarrera.o
 .debug_macro   0x00000e88       0x8e ./Core/Src/FinalCarrera.o
 .debug_macro   0x00000f16       0x51 ./Core/Src/FinalCarrera.o
 .debug_macro   0x00000f67      0x103 ./Core/Src/FinalCarrera.o
 .debug_macro   0x0000106a       0x6a ./Core/Src/FinalCarrera.o
 .debug_macro   0x000010d4      0x1df ./Core/Src/FinalCarrera.o
 .debug_macro   0x000012b3       0x1c ./Core/Src/FinalCarrera.o
 .debug_macro   0x000012cf       0x22 ./Core/Src/FinalCarrera.o
 .debug_macro   0x000012f1       0xd9 ./Core/Src/FinalCarrera.o
 .debug_macro   0x000013ca     0x102d ./Core/Src/FinalCarrera.o
 .debug_macro   0x000023f7      0x11f ./Core/Src/FinalCarrera.o
 .debug_macro   0x00002516    0x1535a ./Core/Src/FinalCarrera.o
 .debug_macro   0x00017870       0x6d ./Core/Src/FinalCarrera.o
 .debug_macro   0x000178dd     0x3574 ./Core/Src/FinalCarrera.o
 .debug_macro   0x0001ae51      0x190 ./Core/Src/FinalCarrera.o
 .debug_macro   0x0001afe1       0x55 ./Core/Src/FinalCarrera.o
 .debug_macro   0x0001b036      0x953 ./Core/Src/FinalCarrera.o
 .debug_macro   0x0001b989      0x84a ./Core/Src/FinalCarrera.o
 .debug_macro   0x0001c1d3      0x1b5 ./Core/Src/FinalCarrera.o
 .debug_macro   0x0001c388      0x23a ./Core/Src/FinalCarrera.o
 .debug_macro   0x0001c5c2      0x1ea ./Core/Src/FinalCarrera.o
 .debug_macro   0x0001c7ac      0x1bc ./Core/Src/FinalCarrera.o
 .debug_macro   0x0001c968       0x30 ./Core/Src/FinalCarrera.o
 .debug_macro   0x0001c998       0x3c ./Core/Src/FinalCarrera.o
 .debug_macro   0x0001c9d4      0x235 ./Core/Src/FinalCarrera.o
 .debug_macro   0x0001cc09       0xc5 ./Core/Src/FinalCarrera.o
 .debug_macro   0x0001ccce      0x21d ./Core/Src/FinalCarrera.o
 .debug_macro   0x0001ceeb      0x22c ./Core/Src/FinalCarrera.o
 .debug_macro   0x0001d117       0x5b ./Core/Src/FinalCarrera.o
 .debug_macro   0x0001d172       0xa5 ./Core/Src/FinalCarrera.o
 .debug_macro   0x0001d217       0x81 ./Core/Src/FinalCarrera.o
 .debug_macro   0x0001d298       0xd3 ./Core/Src/FinalCarrera.o
 .debug_macro   0x0001d36b      0xa60 ./Core/Src/FinalCarrera.o
 .debug_macro   0x0001ddcb       0xba ./Core/Src/FinalCarrera.o
 .debug_macro   0x0001de85      0x347 ./Core/Src/FinalCarrera.o
 .debug_macro   0x0001e1cc       0xbe ./Core/Src/FinalCarrera.o
 .debug_macro   0x0001e28a      0x1db ./Core/Src/LCD.o
 .debug_macro   0x0001e465       0x10 ./Core/Src/LCD.o
 .debug_macro   0x0001e475      0x1f6 ./Core/Src/main.o
 .debug_macro   0x0001e66b       0xc4 ./Core/Src/main.o
 .debug_macro   0x0001e72f       0x40 ./Core/Src/main.o
 .debug_macro   0x0001e76f      0x1d8 ./Core/Src/my_lib.o
 .debug_macro   0x0001e947      0x1f6 ./Core/Src/stm32f3xx_hal_msp.o
 .debug_macro   0x0001eb3d      0x200 ./Core/Src/stm32f3xx_it.o
 .debug_macro   0x0001ed3d      0x1c3 ./Core/Src/system_stm32f3xx.o
 .debug_macro   0x0001ef00      0x1e0 ./Core/Src/teclado.o
 .debug_macro   0x0001f0e0      0x1e7 ./Drivers/STM32F3xx_HAL_Driver/Src/stm32f3xx_hal.o
 .debug_macro   0x0001f2c7      0x1c3 ./Drivers/STM32F3xx_HAL_Driver/Src/stm32f3xx_hal_cortex.o
 .debug_macro   0x0001f48a      0x1ca ./Drivers/STM32F3xx_HAL_Driver/Src/stm32f3xx_hal_gpio.o
 .debug_macro   0x0001f654      0x28f ./Drivers/STM32F3xx_HAL_Driver/Src/stm32f3xx_hal_i2c.o
 .debug_macro   0x0001f8e3      0x1e7 ./Drivers/STM32F3xx_HAL_Driver/Src/stm32f3xx_hal_rcc.o
 .debug_macro   0x0001faca      0x1c3 ./Drivers/STM32F3xx_HAL_Driver/Src/stm32f3xx_hal_rcc_ex.o
 .debug_macro   0x0001fc8d      0x1c4 ./Drivers/STM32F3xx_HAL_Driver/Src/stm32f3xx_hal_tim.o
 .debug_macro   0x0001fe51      0x1c3 ./Drivers/STM32F3xx_HAL_Driver/Src/stm32f3xx_hal_tim_ex.o

.debug_line     0x00000000    0x117fd
 .debug_line    0x00000000      0x765 ./Core/Src/FinalCarrera.o
 .debug_line    0x00000765      0x7d9 ./Core/Src/LCD.o
 .debug_line    0x00000f3e      0x810 ./Core/Src/main.o
 .debug_line    0x0000174e      0x919 ./Core/Src/my_lib.o
 .debug_line    0x00002067      0x7af ./Core/Src/stm32f3xx_hal_msp.o
 .debug_line    0x00002816      0x821 ./Core/Src/stm32f3xx_it.o
 .debug_line    0x00003037      0x7bd ./Core/Src/system_stm32f3xx.o
 .debug_line    0x000037f4      0x85e ./Core/Src/teclado.o
 .debug_line    0x00004052       0x7a ./Core/Startup/startup_stm32f303retx.o
 .debug_line    0x000040cc      0x9f4 ./Drivers/STM32F3xx_HAL_Driver/Src/stm32f3xx_hal.o
 .debug_line    0x00004ac0      0xcbf ./Drivers/STM32F3xx_HAL_Driver/Src/stm32f3xx_hal_cortex.o
 .debug_line    0x0000577f      0xb67 ./Drivers/STM32F3xx_HAL_Driver/Src/stm32f3xx_hal_gpio.o
 .debug_line    0x000062e6     0x3745 ./Drivers/STM32F3xx_HAL_Driver/Src/stm32f3xx_hal_i2c.o
 .debug_line    0x00009a2b     0x156b ./Drivers/STM32F3xx_HAL_Driver/Src/stm32f3xx_hal_rcc.o
 .debug_line    0x0000af96      0xf57 ./Drivers/STM32F3xx_HAL_Driver/Src/stm32f3xx_hal_rcc_ex.o
 .debug_line    0x0000beed     0x3eab ./Drivers/STM32F3xx_HAL_Driver/Src/stm32f3xx_hal_tim.o
 .debug_line    0x0000fd98     0x1a65 ./Drivers/STM32F3xx_HAL_Driver/Src/stm32f3xx_hal_tim_ex.o

.debug_str      0x00000000    0xc2c84
 .debug_str     0x00000000    0xc2c84 ./Core/Src/FinalCarrera.o
                              0xbefb4 (size before relaxing)
 .debug_str     0x000c2c84    0xbf43c ./Core/Src/LCD.o
 .debug_str     0x000c2c84    0xbfc20 ./Core/Src/main.o
 .debug_str     0x000c2c84    0xc0245 ./Core/Src/my_lib.o
 .debug_str     0x000c2c84    0xbfa72 ./Core/Src/stm32f3xx_hal_msp.o
 .debug_str     0x000c2c84    0xbf075 ./Core/Src/stm32f3xx_it.o
 .debug_str     0x000c2c84    0xbede6 ./Core/Src/system_stm32f3xx.o
 .debug_str     0x000c2c84    0xbf04a ./Core/Src/teclado.o
 .debug_str     0x000c2c84       0xaf ./Core/Startup/startup_stm32f303retx.o
 .debug_str     0x000c2c84    0xbf68f ./Drivers/STM32F3xx_HAL_Driver/Src/stm32f3xx_hal.o
 .debug_str     0x000c2c84    0xbf713 ./Drivers/STM32F3xx_HAL_Driver/Src/stm32f3xx_hal_cortex.o
 .debug_str     0x000c2c84    0xbefcb ./Drivers/STM32F3xx_HAL_Driver/Src/stm32f3xx_hal_gpio.o
 .debug_str     0x000c2c84    0xc00e6 ./Drivers/STM32F3xx_HAL_Driver/Src/stm32f3xx_hal_i2c.o
 .debug_str     0x000c2c84    0xbf28a ./Drivers/STM32F3xx_HAL_Driver/Src/stm32f3xx_hal_rcc.o
 .debug_str     0x000c2c84    0xbf0d4 ./Drivers/STM32F3xx_HAL_Driver/Src/stm32f3xx_hal_rcc_ex.o
 .debug_str     0x000c2c84    0xc021d ./Drivers/STM32F3xx_HAL_Driver/Src/stm32f3xx_hal_tim.o
 .debug_str     0x000c2c84    0xbfa63 ./Drivers/STM32F3xx_HAL_Driver/Src/stm32f3xx_hal_tim_ex.o

.comment        0x00000000       0x43
 .comment       0x00000000       0x43 ./Core/Src/FinalCarrera.o
                                 0x44 (size before relaxing)
 .comment       0x00000043       0x44 ./Core/Src/LCD.o
 .comment       0x00000043       0x44 ./Core/Src/main.o
 .comment       0x00000043       0x44 ./Core/Src/my_lib.o
 .comment       0x00000043       0x44 ./Core/Src/stm32f3xx_hal_msp.o
 .comment       0x00000043       0x44 ./Core/Src/stm32f3xx_it.o
 .comment       0x00000043       0x44 ./Core/Src/system_stm32f3xx.o
 .comment       0x00000043       0x44 ./Core/Src/teclado.o
 .comment       0x00000043       0x44 ./Drivers/STM32F3xx_HAL_Driver/Src/stm32f3xx_hal.o
 .comment       0x00000043       0x44 ./Drivers/STM32F3xx_HAL_Driver/Src/stm32f3xx_hal_cortex.o
 .comment       0x00000043       0x44 ./Drivers/STM32F3xx_HAL_Driver/Src/stm32f3xx_hal_gpio.o
 .comment       0x00000043       0x44 ./Drivers/STM32F3xx_HAL_Driver/Src/stm32f3xx_hal_i2c.o
 .comment       0x00000043       0x44 ./Drivers/STM32F3xx_HAL_Driver/Src/stm32f3xx_hal_rcc.o
 .comment       0x00000043       0x44 ./Drivers/STM32F3xx_HAL_Driver/Src/stm32f3xx_hal_rcc_ex.o
 .comment       0x00000043       0x44 ./Drivers/STM32F3xx_HAL_Driver/Src/stm32f3xx_hal_tim.o
 .comment       0x00000043       0x44 ./Drivers/STM32F3xx_HAL_Driver/Src/stm32f3xx_hal_tim_ex.o

.debug_frame    0x00000000     0x3614
 .debug_frame   0x00000000       0x34 ./Core/Src/FinalCarrera.o
 .debug_frame   0x00000034       0xbc ./Core/Src/LCD.o
 .debug_frame   0x000000f0       0x30 ./Core/Src/main.o
 .debug_frame   0x00000120      0x120 ./Core/Src/my_lib.o
 .debug_frame   0x00000240       0x7c ./Core/Src/stm32f3xx_hal_msp.o
 .debug_frame   0x000002bc      0x104 ./Core/Src/stm32f3xx_it.o
 .debug_frame   0x000003c0       0x58 ./Core/Src/system_stm32f3xx.o
 .debug_frame   0x00000418       0xac ./Core/Src/teclado.o
 .debug_frame   0x000004c4      0x334 ./Drivers/STM32F3xx_HAL_Driver/Src/stm32f3xx_hal.o
 .debug_frame   0x000007f8      0x4e8 ./Drivers/STM32F3xx_HAL_Driver/Src/stm32f3xx_hal_cortex.o
 .debug_frame   0x00000ce0      0x14c ./Drivers/STM32F3xx_HAL_Driver/Src/stm32f3xx_hal_gpio.o
 .debug_frame   0x00000e2c      0xc38 ./Drivers/STM32F3xx_HAL_Driver/Src/stm32f3xx_hal_i2c.o
 .debug_frame   0x00001a64      0x214 ./Drivers/STM32F3xx_HAL_Driver/Src/stm32f3xx_hal_rcc.o
 .debug_frame   0x00001c78       0xb0 ./Drivers/STM32F3xx_HAL_Driver/Src/stm32f3xx_hal_rcc_ex.o
 .debug_frame   0x00001d28     0x1218 ./Drivers/STM32F3xx_HAL_Driver/Src/stm32f3xx_hal_tim.o
 .debug_frame   0x00002f40      0x688 ./Drivers/STM32F3xx_HAL_Driver/Src/stm32f3xx_hal_tim_ex.o
 .debug_frame   0x000035c8       0x20 C:/ST/STM32CubeIDE_1.18.1/STM32CubeIDE/plugins/com.st.stm32cube.ide.mcu.externaltools.gnu-tools-for-stm32.13.3.rel1.win32_1.0.0.202411081344/tools/bin/../lib/gcc/arm-none-eabi/13.3.1/../../../../arm-none-eabi/lib/thumb/v7e-m+fp/hard\libc_nano.a(libc_a-memset.o)
 .debug_frame   0x000035e8       0x2c C:/ST/STM32CubeIDE_1.18.1/STM32CubeIDE/plugins/com.st.stm32cube.ide.mcu.externaltools.gnu-tools-for-stm32.13.3.rel1.win32_1.0.0.202411081344/tools/bin/../lib/gcc/arm-none-eabi/13.3.1/../../../../arm-none-eabi/lib/thumb/v7e-m+fp/hard\libc_nano.a(libc_a-init.o)

.debug_line_str
                0x00000000       0x93
 .debug_line_str
                0x00000000       0x93 ./Core/Startup/startup_stm32f303retx.o
