../Drivers/STM32F3xx_HAL_Driver/Src/stm32f3xx_hal_uart.c:289:19:HAL_UART_Init	16	static
../Drivers/STM32F3xx_HAL_Driver/Src/stm32f3xx_hal_uart.c:364:19:HAL_HalfDuplex_Init	16	static
../Drivers/STM32F3xx_HAL_Driver/Src/stm32f3xx_hal_uart.c:439:19:HAL_LIN_Init	16	static
../Drivers/STM32F3xx_HAL_Driver/Src/stm32f3xx_hal_uart.c:538:19:HAL_MultiProcessor_Init	24	static
../Drivers/STM32F3xx_HAL_Driver/Src/stm32f3xx_hal_uart.c:614:19:HAL_UART_DeInit	16	static
../Drivers/STM32F3xx_HAL_Driver/Src/stm32f3xx_hal_uart.c:675:13:HAL_UART_MspDeInit	16	static
../Drivers/STM32F3xx_HAL_Driver/Src/stm32f3xx_hal_uart.c:1075:19:HAL_UART_Transmit	48	static
../Drivers/STM32F3xx_HAL_Driver/Src/stm32f3xx_hal_uart.c:1161:19:HAL_UART_Receive	48	static
../Drivers/STM32F3xx_HAL_Driver/Src/stm32f3xx_hal_uart.c:1245:19:HAL_UART_Transmit_IT	48	static,ignoring_inline_asm
../Drivers/STM32F3xx_HAL_Driver/Src/stm32f3xx_hal_uart.c:1294:19:HAL_UART_Receive_IT	48	static,ignoring_inline_asm
../Drivers/STM32F3xx_HAL_Driver/Src/stm32f3xx_hal_uart.c:1332:19:HAL_UART_Transmit_DMA	48	static,ignoring_inline_asm
../Drivers/STM32F3xx_HAL_Driver/Src/stm32f3xx_hal_uart.c:1402:19:HAL_UART_Receive_DMA	48	static,ignoring_inline_asm
../Drivers/STM32F3xx_HAL_Driver/Src/stm32f3xx_hal_uart.c:1435:19:HAL_UART_DMAPause	120	static,ignoring_inline_asm
../Drivers/STM32F3xx_HAL_Driver/Src/stm32f3xx_hal_uart.c:1465:19:HAL_UART_DMAResume	112	static,ignoring_inline_asm
../Drivers/STM32F3xx_HAL_Driver/Src/stm32f3xx_hal_uart.c:1496:19:HAL_UART_DMAStop	72	static,ignoring_inline_asm
../Drivers/STM32F3xx_HAL_Driver/Src/stm32f3xx_hal_uart.c:1571:19:HAL_UART_Abort	136	static,ignoring_inline_asm
../Drivers/STM32F3xx_HAL_Driver/Src/stm32f3xx_hal_uart.c:1668:19:HAL_UART_AbortTransmit	64	static,ignoring_inline_asm
../Drivers/STM32F3xx_HAL_Driver/Src/stm32f3xx_hal_uart.c:1721:19:HAL_UART_AbortReceive	112	static,ignoring_inline_asm
../Drivers/STM32F3xx_HAL_Driver/Src/stm32f3xx_hal_uart.c:1789:19:HAL_UART_Abort_IT	144	static,ignoring_inline_asm
../Drivers/STM32F3xx_HAL_Driver/Src/stm32f3xx_hal_uart.c:1936:19:HAL_UART_AbortTransmit_IT	64	static,ignoring_inline_asm
../Drivers/STM32F3xx_HAL_Driver/Src/stm32f3xx_hal_uart.c:2021:19:HAL_UART_AbortReceive_IT	112	static,ignoring_inline_asm
../Drivers/STM32F3xx_HAL_Driver/Src/stm32f3xx_hal_uart.c:2114:6:HAL_UART_IRQHandler	240	static,ignoring_inline_asm
../Drivers/STM32F3xx_HAL_Driver/Src/stm32f3xx_hal_uart.c:2416:13:HAL_UART_TxCpltCallback	16	static
../Drivers/STM32F3xx_HAL_Driver/Src/stm32f3xx_hal_uart.c:2431:13:HAL_UART_TxHalfCpltCallback	16	static
../Drivers/STM32F3xx_HAL_Driver/Src/stm32f3xx_hal_uart.c:2446:13:HAL_UART_RxCpltCallback	16	static
../Drivers/STM32F3xx_HAL_Driver/Src/stm32f3xx_hal_uart.c:2460:13:HAL_UART_RxHalfCpltCallback	16	static
../Drivers/STM32F3xx_HAL_Driver/Src/stm32f3xx_hal_uart.c:2475:13:HAL_UART_ErrorCallback	16	static
../Drivers/STM32F3xx_HAL_Driver/Src/stm32f3xx_hal_uart.c:2490:13:HAL_UART_AbortCpltCallback	16	static
../Drivers/STM32F3xx_HAL_Driver/Src/stm32f3xx_hal_uart.c:2505:13:HAL_UART_AbortTransmitCpltCallback	16	static
../Drivers/STM32F3xx_HAL_Driver/Src/stm32f3xx_hal_uart.c:2520:13:HAL_UART_AbortReceiveCpltCallback	16	static
../Drivers/STM32F3xx_HAL_Driver/Src/stm32f3xx_hal_uart.c:2537:13:HAL_UARTEx_RxEventCallback	16	static
../Drivers/STM32F3xx_HAL_Driver/Src/stm32f3xx_hal_uart.c:2585:6:HAL_UART_ReceiverTimeout_Config	16	static
../Drivers/STM32F3xx_HAL_Driver/Src/stm32f3xx_hal_uart.c:2597:19:HAL_UART_EnableReceiverTimeout	16	static
../Drivers/STM32F3xx_HAL_Driver/Src/stm32f3xx_hal_uart.c:2628:19:HAL_UART_DisableReceiverTimeout	16	static
../Drivers/STM32F3xx_HAL_Driver/Src/stm32f3xx_hal_uart.c:2659:19:HAL_MultiProcessor_EnableMuteMode	40	static,ignoring_inline_asm
../Drivers/STM32F3xx_HAL_Driver/Src/stm32f3xx_hal_uart.c:2679:19:HAL_MultiProcessor_DisableMuteMode	40	static,ignoring_inline_asm
../Drivers/STM32F3xx_HAL_Driver/Src/stm32f3xx_hal_uart.c:2699:6:HAL_MultiProcessor_EnterMuteMode	16	static
../Drivers/STM32F3xx_HAL_Driver/Src/stm32f3xx_hal_uart.c:2709:19:HAL_HalfDuplex_EnableTransmitter	64	static,ignoring_inline_asm
../Drivers/STM32F3xx_HAL_Driver/Src/stm32f3xx_hal_uart.c:2732:19:HAL_HalfDuplex_EnableReceiver	64	static,ignoring_inline_asm
../Drivers/STM32F3xx_HAL_Driver/Src/stm32f3xx_hal_uart.c:2756:19:HAL_LIN_SendBreak	16	static
../Drivers/STM32F3xx_HAL_Driver/Src/stm32f3xx_hal_uart.c:2801:23:HAL_UART_GetState	24	static
../Drivers/STM32F3xx_HAL_Driver/Src/stm32f3xx_hal_uart.c:2817:10:HAL_UART_GetError	16	static
../Drivers/STM32F3xx_HAL_Driver/Src/stm32f3xx_hal_uart.c:2861:19:UART_SetConfig	40	static
../Drivers/STM32F3xx_HAL_Driver/Src/stm32f3xx_hal_uart.c:3005:6:UART_AdvFeatureConfig	16	static
../Drivers/STM32F3xx_HAL_Driver/Src/stm32f3xx_hal_uart.c:3079:19:UART_CheckIdleState	104	static,ignoring_inline_asm
../Drivers/STM32F3xx_HAL_Driver/Src/stm32f3xx_hal_uart.c:3148:19:UART_WaitOnFlagUntilTimeout	24	static
../Drivers/STM32F3xx_HAL_Driver/Src/stm32f3xx_hal_uart.c:3216:19:UART_Start_Receive_IT	96	static,ignoring_inline_asm
../Drivers/STM32F3xx_HAL_Driver/Src/stm32f3xx_hal_uart.c:3265:19:UART_Start_Receive_DMA	96	static,ignoring_inline_asm
../Drivers/STM32F3xx_HAL_Driver/Src/stm32f3xx_hal_uart.c:3322:13:UART_EndTxTransfer	40	static,ignoring_inline_asm
../Drivers/STM32F3xx_HAL_Driver/Src/stm32f3xx_hal_uart.c:3337:13:UART_EndRxTransfer	88	static,ignoring_inline_asm
../Drivers/STM32F3xx_HAL_Driver/Src/stm32f3xx_hal_uart.c:3363:13:UART_DMATransmitCplt	72	static,ignoring_inline_asm
../Drivers/STM32F3xx_HAL_Driver/Src/stm32f3xx_hal_uart.c:3397:13:UART_DMATxHalfCplt	24	static
../Drivers/STM32F3xx_HAL_Driver/Src/stm32f3xx_hal_uart.c:3415:13:UART_DMAReceiveCplt	120	static,ignoring_inline_asm
../Drivers/STM32F3xx_HAL_Driver/Src/stm32f3xx_hal_uart.c:3476:13:UART_DMARxHalfCplt	24	static
../Drivers/STM32F3xx_HAL_Driver/Src/stm32f3xx_hal_uart.c:3514:13:UART_DMAError	32	static
../Drivers/STM32F3xx_HAL_Driver/Src/stm32f3xx_hal_uart.c:3554:13:UART_DMAAbortOnError	24	static
../Drivers/STM32F3xx_HAL_Driver/Src/stm32f3xx_hal_uart.c:3577:13:UART_DMATxAbortCallback	24	static
../Drivers/STM32F3xx_HAL_Driver/Src/stm32f3xx_hal_uart.c:3627:13:UART_DMARxAbortCallback	24	static
../Drivers/STM32F3xx_HAL_Driver/Src/stm32f3xx_hal_uart.c:3679:13:UART_DMATxOnlyAbortCallback	24	static
../Drivers/STM32F3xx_HAL_Driver/Src/stm32f3xx_hal_uart.c:3707:13:UART_DMARxOnlyAbortCallback	24	static
../Drivers/STM32F3xx_HAL_Driver/Src/stm32f3xx_hal_uart.c:3740:13:UART_TxISR_8BIT	64	static,ignoring_inline_asm
../Drivers/STM32F3xx_HAL_Driver/Src/stm32f3xx_hal_uart.c:3769:13:UART_TxISR_16BIT	72	static,ignoring_inline_asm
../Drivers/STM32F3xx_HAL_Driver/Src/stm32f3xx_hal_uart.c:3801:13:UART_EndTransmit_IT	40	static,ignoring_inline_asm
../Drivers/STM32F3xx_HAL_Driver/Src/stm32f3xx_hal_uart.c:3826:13:UART_RxISR_8BIT	120	static,ignoring_inline_asm
../Drivers/STM32F3xx_HAL_Driver/Src/stm32f3xx_hal_uart.c:3914:13:UART_RxISR_16BIT	120	static,ignoring_inline_asm
